0 1 3 4 9 9 9 11 14 14 16 21 21 23 23 23 27 30 32 32 33 37 38 39 40 45 46 47 51 51 51 54 54 54 60 61 67 69 69 71 71 71 74 74 75 75 76 78 78 79 82 84 85 92 92 96 98 
