1 2 2 2 7 9 11 12 12 13 13 14 14 14 17 17 18 20 25 27 29 34 34 36 37 38 39 39 39 40 42 47 49 52 54 58 59 59 60 61 62 62 63 64 65 69 69 73 76 77 79 80 82 82 85 85 86 87 88 91 92 92 94 94 94 94 95 97 98 98 99 99 99 99 100 100 
