11 13 14 17 18 19 20 21 23 29 29 29 31 35 36 37 41 42 46 47 51 54 59 59 60 62 70 72 76 80 80 85 89 92 97 99 99 
