0 2 4 8 10 18 20 24 29 29 30 34 35 37 39 46 55 60 60 66 72 75 76 86 87 89 99 
