2 3 6 6 9 9 10 15 15 15 15 17 19 20 22 22 23 24 28 28 31 32 33 34 37 39 39 39 40 40 42 45 46 47 47 47 47 49 49 49 49 49 53 54 56 56 58 58 59 60 60 60 60 61 61 61 65 65 66 67 72 73 75 76 76 77 77 77 80 84 84 90 91 92 92 92 94 95 96 98 98 99 
