10 15 17 17 29 30 34 37 38 39 40 50 51 52 53 56 57 59 62 62 65 66 67 73 73 77 86 86 97 
