0 2 3 4 5 7 8 8 8 10 14 18 19 20 22 24 25 25 25 26 27 29 29 30 31 33 34 35 35 38 38 39 40 41 43 43 43 45 47 47 47 47 49 50 51 51 52 53 55 55 57 57 58 58 58 61 62 63 64 64 65 69 72 72 73 73 74 74 74 76 76 77 79 82 83 87 88 89 89 91 92 93 96 96 98 99 
