3 6 6 7 7 7 8 11 11 13 13 13 15 15 16 19 20 20 22 23 23 23 24 25 25 27 29 29 29 30 32 33 35 35 37 38 39 39 43 44 46 49 49 50 50 51 52 53 59 60 60 60 61 61 63 65 66 67 68 68 70 71 74 77 77 78 79 80 82 83 84 86 88 89 90 90 90 92 92 95 95 95 96 97 97 97 98 99 
