1 1 2 3 4 7 9 10 11 11 12 12 12 14 16 17 18 19 20 20 22 23 25 27 29 30 31 32 33 33 34 35 38 40 42 43 45 46 47 49 50 53 53 54 54 55 56 58 61 61 63 63 63 65 65 66 66 68 69 70 70 71 72 73 73 73 73 75 76 76 76 76 77 80 82 83 84 86 87 88 90 91 92 94 95 96 97 98 100 100 
