1 3 3 3 5 5 13 14 16 16 31 32 36 36 37 40 43 43 48 49 52 58 63 63 63 63 68 69 71 73 75 77 77 81 82 83 91 92 98 
