1 2 2 3 3 3 4 7 8 8 8 10 11 12 12 13 15 17 18 21 22 22 22 22 23 23 24 26 27 29 29 32 34 36 36 37 37 39 40 41 43 45 45 47 47 50 50 52 52 53 54 55 56 56 57 57 58 58 59 59 60 61 63 63 63 63 65 65 66 66 69 70 72 74 74 74 76 76 77 78 79 79 81 82 83 84 85 85 89 90 90 92 93 97 99 100 
