0 1 1 2 8 9 16 20 21 22 24 24 25 27 28 32 35 39 39 40 42 43 46 47 48 54 57 60 62 64 67 69 71 71 72 74 79 80 80 81 86 86 87 88 88 95 96 96 97 97 98 
