1 5 5 8 9 9 15 17 17 18 18 19 19 20 22 22 24 28 29 30 31 32 32 34 36 36 37 39 43 44 44 45 46 46 51 51 53 54 58 58 58 59 60 62 63 66 66 67 69 70 70 78 82 83 86 88 88 92 93 93 97 97 99 99 
