1 1 2 5 5 7 8 9 9 10 10 13 13 15 17 18 22 23 27 29 32 39 41 42 48 49 51 52 53 55 55 55 59 59 64 67 68 69 70 71 72 72 73 75 75 78 78 83 85 88 89 92 93 94 96 97 100 
