1 2 3 7 7 8 12 12 19 23 23 24 25 26 27 28 32 32 33 35 36 37 38 38 38 39 43 45 47 50 53 55 56 61 62 66 66 67 68 70 71 71 72 73 73 75 75 75 76 76 77 78 82 85 87 88 90 92 92 94 97 98 100 
