0 15 17 25 26 30 30 40 49 54 61 62 64 68 79 80 90 97 
