3 8 12 15 16 18 18 22 23 24 27 28 35 36 41 41 42 44 47 49 50 55 55 56 56 60 65 69 70 77 77 83 84 86 88 91 100 
