1 2 3 3 4 5 6 10 13 13 18 23 27 28 28 28 31 32 35 37 38 40 40 40 41 42 43 45 46 47 48 49 50 54 54 55 56 57 59 61 61 62 64 68 69 71 72 73 75 79 79 82 87 90 92 93 94 94 97 
