1 2 4 6 7 31 32 34 35 37 39 42 44 44 45 49 51 51 52 54 61 63 63 66 67 67 67 69 76 80 81 82 82 84 85 86 89 92 97 
