10 11 14 25 26 27 28 33 34 37 61 65 65 68 72 74 78 81 88 93 
