1 1 2 2 4 5 5 6 6 8 10 11 13 16 18 18 19 21 22 23 23 24 25 25 25 26 27 30 31 33 33 34 35 37 39 41 43 46 49 50 51 53 53 55 56 56 56 58 64 65 66 68 68 69 69 69 71 72 73 75 76 77 84 84 86 90 91 94 95 96 96 97 98 100 
