0 0 2 2 4 9 9 10 10 10 16 19 26 26 28 29 31 32 33 34 35 36 38 40 42 45 47 48 50 55 55 56 57 59 63 67 69 73 74 74 75 75 82 84 86 86 90 95 97 98 
