0 0 1 3 4 5 10 11 11 11 11 12 12 13 14 15 17 17 19 20 21 22 23 23 25 25 27 27 27 27 28 29 30 31 32 33 35 35 36 36 36 37 38 39 39 40 41 43 44 44 46 47 50 51 52 53 54 54 55 57 58 59 60 61 61 61 62 63 64 67 67 69 70 70 72 73 75 77 78 79 79 81 83 87 91 91 93 93 95 95 96 
