0 1 2 3 4 5 5 6 7 7 15 20 22 22 23 24 24 27 28 29 30 31 31 33 34 37 37 37 38 38 39 41 43 43 47 48 50 51 52 53 58 59 61 61 62 63 64 65 65 67 68 68 69 69 70 71 73 74 75 79 81 83 84 85 86 89 90 90 92 93 93 97 98 99 100 
