0 1 1 2 3 5 8 13 14 15 15 15 16 16 17 21 21 26 27 28 28 28 29 30 33 34 36 36 37 37 37 41 42 42 42 46 46 47 48 51 52 52 52 52 55 56 57 58 59 60 63 64 64 66 67 67 67 68 69 70 70 73 75 80 81 81 82 82 85 85 89 90 91 91 94 95 98 100 
