2 6 8 16 23 28 30 30 32 34 36 38 38 40 42 54 60 61 63 76 77 77 78 78 79 80 86 91 94 
