0 4 5 6 6 11 14 16 19 20 21 24 24 24 25 26 31 32 33 35 37 45 47 47 51 54 54 54 54 55 58 59 60 65 73 74 74 75 76 78 81 83 84 84 85 88 90 93 93 94 96 98 
