2 3 12 14 16 19 19 19 20 21 25 27 32 34 34 35 36 39 42 44 46 49 51 52 53 55 57 62 63 63 64 66 67 68 70 71 72 78 79 79 81 82 82 83 83 84 85 90 93 93 96 99 
