0 1 1 2 2 2 8 10 14 16 17 20 22 26 26 26 27 27 33 34 39 40 40 42 42 42 43 44 45 48 49 52 53 53 57 58 62 63 65 65 73 73 86 88 91 91 93 94 
