0 0 1 1 2 2 3 3 4 9 13 13 13 16 20 22 24 25 26 26 27 28 32 32 33 33 38 38 39 41 42 42 42 44 44 44 44 45 47 47 48 52 53 58 58 61 63 63 64 65 65 65 68 69 69 69 71 72 75 76 76 77 78 78 79 79 80 80 81 82 85 85 85 86 87 88 91 92 93 93 94 95 95 95 96 97 97 97 98 98 98 100 
