2 2 3 7 8 9 9 10 11 12 12 14 14 14 17 17 17 18 18 19 20 21 22 22 23 23 23 23 23 25 25 27 27 29 33 35 35 35 36 37 39 40 40 41 41 42 42 43 43 44 44 45 46 48 48 49 50 50 51 52 52 53 53 53 54 56 57 57 57 60 63 63 65 66 67 68 68 69 69 69 77 77 78 80 81 86 86 88 88 88 88 90 90 90 92 92 93 97 97 99 
