2 5 7 7 8 13 14 17 25 25 32 34 34 38 41 41 45 47 56 57 59 61 63 63 65 72 73 81 85 95 97 99 100 
