3 5 12 14 15 17 19 19 21 22 22 22 25 26 28 28 30 30 31 32 32 37 38 39 40 42 44 45 46 49 49 50 51 51 51 53 53 56 57 59 60 60 66 71 73 75 76 77 77 80 80 81 83 84 85 86 87 87 88 90 92 92 94 94 95 96 96 97 99 
