2 2 2 10 11 15 18 19 19 25 25 27 28 29 39 40 44 45 47 50 51 52 53 55 56 57 58 60 61 64 68 68 69 74 78 78 81 81 82 84 84 92 93 94 100 
