4 7 7 7 8 8 10 11 11 13 14 15 21 22 24 26 29 29 33 33 34 34 37 38 38 39 39 42 42 42 44 45 45 45 47 47 50 51 52 52 53 53 55 56 57 57 58 59 60 60 61 63 64 64 65 66 67 67 68 69 69 69 71 76 77 78 80 80 81 82 82 83 84 85 88 89 90 91 92 92 94 94 97 98 99 
