0 7 8 8 10 11 12 15 18 19 20 20 27 28 28 29 34 35 35 35 36 36 36 36 37 38 39 39 46 48 48 52 52 55 56 59 59 59 61 62 64 65 65 68 69 70 70 72 72 74 74 75 76 78 81 82 83 84 87 88 89 90 91 92 94 97 
