0 0 0 1 2 5 7 8 8 8 9 10 10 12 15 15 15 16 17 20 21 22 26 27 27 27 29 29 29 30 30 30 33 34 36 37 38 38 39 40 40 40 41 42 45 46 47 48 48 49 50 50 52 53 54 54 55 55 56 59 59 60 60 62 62 62 62 65 65 72 75 75 77 77 78 78 79 80 82 82 84 85 86 88 89 89 91 91 92 93 94 95 
