0 1 2 3 6 8 9 9 10 11 16 17 20 22 22 25 25 27 28 28 31 34 35 35 35 38 39 42 43 47 48 49 50 54 58 61 63 64 66 67 68 69 71 71 71 73 75 75 77 78 79 79 81 82 83 86 86 87 87 88 91 91 92 92 94 98 98 98 100 
