2 3 6 7 8 9 13 13 15 17 18 21 22 23 28 31 33 35 36 44 44 44 50 56 57 63 63 65 72 73 80 86 86 87 88 88 88 89 89 96 97 97 98 
