1 16 27 29 30 32 32 34 35 40 41 47 59 60 63 65 74 75 76 79 86 91 94 100 100 
