1 2 3 3 3 8 13 18 18 18 21 23 24 24 25 25 26 29 30 32 36 39 40 41 41 46 47 50 54 54 55 56 57 58 59 61 62 63 64 65 66 71 73 73 73 73 75 75 77 79 86 87 89 90 90 92 93 93 94 95 96 96 
