1 1 4 6 7 8 13 13 15 15 18 20 22 23 24 25 25 25 26 26 27 28 29 29 30 30 31 32 33 35 35 36 39 40 41 42 42 43 43 44 44 47 50 52 52 53 55 55 56 57 62 62 63 65 65 66 67 68 69 69 69 70 71 73 76 82 83 86 87 87 88 91 91 93 98 99 100 
