3 3 3 4 9 11 12 15 15 19 22 26 27 29 31 37 49 49 50 50 51 52 55 55 57 58 58 62 64 69 70 72 72 73 73 74 74 75 75 75 76 77 81 82 90 90 95 97 98 99 100 100 
