3 5 6 7 7 8 10 10 18 18 20 21 24 25 26 26 30 31 31 32 32 35 38 40 40 42 42 42 53 54 55 55 56 59 60 62 63 65 66 67 68 68 72 73 78 82 84 84 86 87 87 88 93 95 99 99 100 
