1 3 4 7 8 9 12 12 19 21 22 24 32 36 36 45 48 49 51 52 55 59 60 63 64 69 71 73 76 76 86 88 93 94 97 99 
