6 15 27 35 37 41 45 48 54 56 60 60 60 63 64 72 77 82 82 
