17 21 22 22 23 23 32 35 40 49 50 53 62 76 77 85 85 91 93 
