0 1 2 4 5 5 7 9 11 12 13 15 16 18 18 19 20 20 23 24 25 26 26 26 32 33 34 35 36 36 36 39 39 43 45 50 51 52 52 54 55 56 56 57 59 61 61 63 64 64 65 65 66 66 66 66 69 70 71 73 77 79 79 81 81 81 81 83 83 83 84 85 85 86 87 87 88 88 89 92 92 92 92 93 93 93 95 95 99 99 99 
