6 7 8 9 13 16 19 23 23 29 29 30 35 39 48 51 54 57 63 66 69 69 69 71 71 72 74 74 77 80 81 83 84 85 86 87 88 91 91 92 93 96 
