0 0 0 1 1 2 3 7 8 8 8 9 10 10 10 11 12 16 17 17 17 18 19 22 23 24 26 26 27 28 29 29 31 31 32 33 35 36 36 36 37 37 42 44 45 46 46 49 50 54 57 58 58 59 65 67 67 68 68 69 69 72 73 74 78 78 79 80 81 82 83 85 86 87 89 89 89 90 91 92 94 95 97 97 98 99 
